110
110
                 qxxxxxxxxxxxxxxxw_qxw                            qxxxxxxw      axxxxw                        
                qxxxxxxxxxxxxxxxxxxxxxw                          qxxxxxxxx       axxxxw               qxxw    
               qxxxxxxxxxxxxxxxxxxxxxxx                       qxxxxxxxxxxs       qxxxxx              qxxxxw   
          qxxxxxxxxxxxxxxxxxxxxxxxxxxxs                      qxxxxxxxxxxs       qxxxxxx             xxxxxxxw  
         qxxxxxxxxxxxxxxxxxxxxxsaxxxxs                      qxxxxxxxxxxs        xxxxxxx             xxxxxxxxw 
        qxxxxxxxxxxxxxxxxxxxxxs                             xxxxxxxxs           axxxxxs       qw    xxxxxxxxx 
        xxxxxxxxxxxxxxxxxxxxxx                             qxxxxxxxx             axxxs        as    xxxxxxxxs 
       qxxxxxxxxxxxxxxxxxxxxxx                            qxxxxxxxxs              axs               axxxxxxs  
       xxxxxxxxxxxxxxxxxxxxxxs                    qx      xxxxxxxxx                                  xxxxxx   
       axxxxxxxxxxxxxxxx xxxs                    qxx      axxxxxxxx      qxw              qxw_        axxxs   
        axxxxxxxxxxxxxxs axs                     xxxw      axxxxxxs     qxxxw            qxxxxxxw             
           axxxxxxxxxxs                          axxxw       xxxxs      xxxxxw           xxxxxxxxw            
            axxxxxs                               axxxxw   qxxxxx       xxxxxxxw         xxxxxxxxxw           
             axxxs                                 axxxx   xxxxxx       xxxxxxxxw        axxxxxxxxxw          
                                                    xxxs   axxxxxw      xxxxxxxxxw        axxxxxxxxx      qxxw
w                                                  qxxx     axxxxxw     axxxxxxxxxw        axxxxxxxs     qxxxx
xw                                                 xxxx      axxxxx      axxxxxxxxxxxw      axxxxxs      xxxxx
xxw                                               qxxxx       xxxxx       axxxxxxxxxxxw      axxs        xxxxx
xxxw                                             qxxxxx       xxxxx         xxxxxxxxxxxw                 xxxxx
xxxxxxw                                         qxxxxxxw      xxxxxw       xxxxxxxxxxxxx                 axxxx
xxxxxxxw              qxw  qxw                  xxxxxxxx      axxxxx       xxs axxxxs  a                  axxx
xxxxxxxxw           xxxxx _xxxxxxw              xxxxxxxxw      axxxs       xs     axw                      axx
xxxxxxxxxw          xxxxxxxxxxxxxxw             xxxxxxxxxw      axs        a       axw                      ax
xxxxxxxxxxw        qxxxxxxxxxxxxxxxw           qxxxxxxxxxx                          ax        qw            qx
xxxxxxxxxxxw      qxxxxxxxxxxxxxxxxx          xxxxxxxxxxxx                                   xxxx          qxx
xxxxxxxxxxxx      xxxxxxxxxxxxxxxxxx         qxxxxxxxxxxx                                  _qxxxs         qxxx
xxxxxxxxxxxx      axxxxxxxxxxxxxxxxs        qxxxxxxxxxxxxxw                               qxxxsa          xxxx
xxxxxxxxxxxs       axxxs  axxxxxxxs         xxxxxxxxxxxxxxx                              qxxxx            xxxx
xxxxxxxxxxs         axs    axxxxxs         qxxxxxxxxxxxxxx                               xxxxs           qxxxx
xxxxxxxxxs                                xxxxxxxxxxxxxxxxxw                             xxxs           qxxxxx
xxxxxxxxx                                 axxxxxxxxxxxxxxxxx                             axs        qxxxxxxxxx
xxxxxxxxx                                  axxxxxxxxxxxxxxxx                                       qxxxxxxxxxx
xxxxxxxxs                                     axxxxxxxxxxxx                                       qxxxxxxxxxxx
xxxxxxxs                                       axxxxxxxxxxxxw                                    qxxxxxxxxxxxx
xxxxxxs                                         axxxxxxxxxxxx                                   qxxxxxxxxxxxxx
xxxxxs                                               axxxxxxx                                  qxxxxxxxxxxxxxx
xxxxs                                                 xxxxxxx                 qxxw            qxxxxxxxxxxxxxxx
xxxs                                                  axxxxxxw               qxxxxw           xxxxxxxxxxxxxxxx
xxs       qx                                            axxxxxw              xxxxxxw          axxxxxxxxxxxxxxx
xs       qxx                                             axxxxxw             xxxxxxx           axxxxxxxxxxxxxx
        qxxxw                                             xxxxxx             xxxxxxs            xxxxxxxxxxxs  
      xxxxxxx                                             xxxxxx             xxxxxxw            axxxxxxxxxs   
     qxxxxs                                              qxxxxxxw            xxxxxxxw            axxxxxxxs    
    qxxxs                                               qxxxxxxxxw           xxxxxxxxw            axxxxxx     
    xxs                                                 xxxxxxxxxxw          axxxxxxxxw             xxxxx     
                                                        xxxxxxxxxxxw           xxxxxxxx           qxxxxxx     
                                                       qxxxxxxxxxxxx          xxxxxxxxs           xxxxxxx     
                                                      qxxxxxxxxxxxxx          xxxxxxxs            axxxxxs     
                                                     qxxxxxxxxxxxxxx          xxxxxxs              axxxs      
                       qw qw                         xxxxxxxxxxxxxxs          axxxxx                axs       
                       as_as                         xxxxxxxxxxxxxs            axxxs                          
                         x                           xxxxxxxxxxxxs                                            
                       qw qw                         xxxxxxxxxxx                                              
                       as as                         xxxxxxxxxxxxw                                            
                                                     axxxxxxxxxxxxw                                           
                                                      axxxxxxxxxxxxw _                                        
                                                       xxxxxxxxxxxxxxxw                                       
                                                       xxxxxxxxxxxxxxxxw                                      
                                                       axxxxxxxxxxxxxxxxw                        qxxxxxw      
                                                        axxxxxxxxxxxxxxxx                       qxxxxxxxw     
                                                         axxxxxxxxxxxxxxs                      qxxxxxxxxxw    
                                                          xxxxxxxxxxxxx                        xxxxxxxxxxx    
                                                          axxxxxxxxxxxxxw                      xxxxxxxxxxx    
                                                           axxxxxxxxxxxxxw                     xxxxxxxxxxxw   
                                                             axxxxxxxxxxxxxxw                  xxxxxxxxxxxxw  
                                        qxxxxxxw              axxxxxxxxxxxxxxw                 axxxxxxxxxxxxw 
                                       qxxxxxxxxw              axxxxxxxxxxxxxx                  axxxxxxxxxxxx 
                                  qxxxxxxxxxxxxxxw              axxxxxxxxxxxxx                    xxxxxxxxxxx 
                                 qxxxxxxxxxxxxxxxxw              xxxxxxxxxxxxxw                 qxxxxxxxxxxxxw
w qxxw                          qxxxxxxxxxxxxxxxxxxw              axxxxxxxxxxxxxxw             qxxxxxxxxxxxxxx
x xxxxxxxw                     qxxxxxxxxxxxxxxxxxxxx               axxxxxxxxxxxxxxw            xxxxxxxxxxxxxxx
xxxxs   ax                 qxxxxxxxxxxxxxxxxxxxxxxxxw               axxxxxxxxxxxxxxw           axxxxxxxxxxxxxx
xxxs                      qxxxxxxxxxxxxxxxxxxxxxxxxxxw w             axxxxxxxxxxxxxxxxx        qxxxxxxxxxxxxxx
xxx                      qxxxxxxxxxxxxxxxxxxxxxxxxxxxxxx                 axxxxxxxxxxxxx        xxxxxxxxxxxxxxx
xxx                     qxxxxxxxxxxs axxxxxxxxxxxxxxxxxx                  axxxxxxxxxxxxw       axxxxxxxxxxxxxx
xxxw                   qxxxxxxxxxxs   axxxxxxxxxxxxxxxxx                   axxxxxxxxxxxx        axxxxxxxxxxxxx
xxxxw _               qxxxxxxxxxxs     axxxxxxxxxxxxxxxs                    axxxxxxxxxxs           axxxxxxxxxx
xxxxxxxxxw            xxxxxxxxxxs       xxxxxxxxxxxxxxs                       axxxxxxxs             axxxxxxxxx
xxxxxxxxxxxxxw        xxxxxxxs          xxxxxxxxxxxs        qxxxw                axxxs               xxxxxxxxx
xxxxxxxxxxxxxx xxw    axxxxxs           axxxxxxxxxs         xxxxxw                                   xxxxxxxxx
xxxxxxxxxxxxxxxxxx     axxxs             axxxxxxxs          xxxxxxw                                  axxxxxxxx
xxxxxxxxxxxxxxxxxx                        axxxxxx           xxxxxxxw                                  axxxxxxx
xxxxxxxxxxxxxxxxxx                         xxxxxx           axxxxxxxw                                  axxxxxx
xxxxxxxxxxxxxxxxxs                         xxxxxx            xxxxxxxxw                                  axxxxx
xxxxxxxxxxxxxxs                            xxxxxx            xxxxxxxxxxw                                 axxxx
xxxxxxxxxs                                 xxxxxxw           axxxxxxxxxxw                                 axxx
xxxxxxxxs                                  axxxxxxw            xxxxxxxxxxxxw                               xxx
xxxs                                        axxxxxxx         qxxxxxxxxxxxxxxw                              axx
xxs                                          axxxxxxw    _  qxxxxxxxxxxxxxxxxw             qxw              ax
                                              xxxxxxxxxxxxxxxxxxxxxxxxxxxxxxxxxw           xxxw               
                                              xxxxxxxxxxxxxxxxxxxxxxxxxxxxxxxxxxw          xxxxw              
                                              axxxxxxxxxxxxxxxxxxxxxxxxxxxxxxxxxx          xxxxxw             
                                               axxxxxxxxxxxxxxxxxxxxxxxxxxxxxxxxx          axxxxx             
                    xw              xxw         axxxxxxxxxxxxxxxxxxxxxxxxxxxxxxxs            axxx             
                    xx x            xxx          axxxxxxxxxxxxxxxxxxxxxxxxxxxxxs                              
                   qxxxx            xxxw          xxxxxxxxxxxxxxxs axxxxxxxxxxs                               
                  qxxxxs            xxxxw         xxxxxxxxxxxxxxs   axxxxxxxs                                 
                 qxxxxs             axxxx_        xxxxxxxxxxxxxx     xxxxxxs                                  
    qxxxw        xs                  axxxxw         axxxxxxxxxs     qxxxxs                               axxw 
   qxxxxxw                            axxxxw         axxxxxxxs      xxxxs                  qxw            xxxw
w_qxxxxxxx                             xxxxx          axxxxxs       xxxs                   xxxw          qxxxx
xxxxxxxxxx                            qxxxxs           xxxx         axs                  wqxxxxw        qxxxxx
xxxxxxxxxs                            axxxs            xxxxxw   _                        xxxxxxxw      qxxxxxx
xxxxxxxxx                                axs           xxxxxx   as                       xxxxxxxx      xxxxxxx
xxxxxxxs                                               axxxxx                            xxxxxxxx      as axxx
xxs                     qxw                             axxxs                    qxw     axxxxxxx          axx
xs                     qxxxw                                                    qxxx      xxxxxxx           ax
                      qxxxxxxxw                                                 xxxx      axxxxxs             
                    qxxxxxxxxxxw                                                xxxx       axxxs              
                  qxxxxxxxxxxxxxw                                  qxxxw        xxxxw       axs               
